// Jest Snapshot v1, https://goo.gl/fbAQLP

exports[` 1`] = `
<Provider
  store={
    Object {
      "clearActions": [Function],
      "dispatch": [Function],
      "getActions": [Function],
      "getState": [Function],
      "replaceReducer": [Function],
      "subscribe": [Function],
    }
  }
>
  <MemoryRouter
    initialEntries={
      Array [
        Object {
          "key": "testKey",
          "pathname": "/race",
        },
      ]
    }
  >
    <Router
      history={
        Object {
          "action": "POP",
          "block": [Function],
          "canGo": [Function],
          "createHref": [Function],
          "entries": Array [
            Object {
              "hash": "",
              "key": "testKey",
              "pathname": "/race",
              "search": "",
            },
          ],
          "go": [Function],
          "goBack": [Function],
          "goForward": [Function],
          "index": 0,
          "length": 1,
          "listen": [Function],
          "location": Object {
            "hash": "",
            "key": "testKey",
            "pathname": "/race",
            "search": "",
          },
          "push": [Function],
          "replace": [Function],
        }
      }
    >
      <withRouter(Connect(MenuRace))>
        <Route>
          <Connect(MenuRace)
            history={
              Object {
                "action": "POP",
                "block": [Function],
                "canGo": [Function],
                "createHref": [Function],
                "entries": Array [
                  Object {
                    "hash": "",
                    "key": "testKey",
                    "pathname": "/race",
                    "search": "",
                  },
                ],
                "go": [Function],
                "goBack": [Function],
                "goForward": [Function],
                "index": 0,
                "length": 1,
                "listen": [Function],
                "location": Object {
                  "hash": "",
                  "key": "testKey",
                  "pathname": "/race",
                  "search": "",
                },
                "push": [Function],
                "replace": [Function],
              }
            }
            location={
              Object {
                "hash": "",
                "key": "testKey",
                "pathname": "/race",
                "search": "",
              }
            }
            match={
              Object {
                "isExact": false,
                "params": Object {},
                "path": "/",
                "url": "/",
              }
            }
          >
            <MenuRace
              getRace={[Function]}
              history={
                Object {
                  "action": "POP",
                  "block": [Function],
                  "canGo": [Function],
                  "createHref": [Function],
                  "entries": Array [
                    Object {
                      "hash": "",
                      "key": "testKey",
                      "pathname": "/race",
                      "search": "",
                    },
                  ],
                  "go": [Function],
                  "goBack": [Function],
                  "goForward": [Function],
                  "index": 0,
                  "length": 1,
                  "listen": [Function],
                  "location": Object {
                    "hash": "",
                    "key": "testKey",
                    "pathname": "/race",
                    "search": "",
                  },
                  "push": [Function],
                  "replace": [Function],
                }
              }
              location={
                Object {
                  "hash": "",
                  "key": "testKey",
                  "pathname": "/race",
                  "search": "",
                }
              }
              lockRace={[Function]}
              match={
                Object {
                  "isExact": false,
                  "params": Object {},
                  "path": "/",
                  "url": "/",
                }
              }
              race={Object {}}
            >
              <section
                id="RACE"
              >
                <Switch>
                  <Route
                    computedMatch={
                      Object {
                        "isExact": true,
                        "params": Object {},
                        "path": "/race",
                        "url": "/race",
                      }
                    }
                    exact={true}
                    location={
                      Object {
                        "hash": "",
                        "key": "testKey",
                        "pathname": "/race",
                        "search": "",
                      }
                    }
                    path="/race"
                    render={[Function]}
                  >
                    <ul
                      className="selection"
                    >
                      <div
                        id="title-box"
                      >
                        <h2>
                          Player Race
                        </h2>
                        <div
                          className="horizontal-line no-bottom"
                        />
                      </div>
                      <div
                        key="0"
                      >
                        <h3>
                          Common Races
                        </h3>
                        <div
                          className="horizontal-line no-bottom"
                        />
                        <ul>
                          <li
                            key="human"
                          >
                            <Link
                              replace={false}
                              to="//human"
                            >
                              <a
                                href="//human"
                                onClick={[Function]}
                              >
                                <button
                                  name="human"
                                  onClick={[Function]}
                                >
                                  human
                                </button>
                              </a>
                            </Link>
                          </li>
                          <li
                            key="halfling"
                          >
                            <Link
                              replace={false}
                              to="//halfling"
                            >
                              <a
                                href="//halfling"
                                onClick={[Function]}
                              >
                                <button
                                  name="halfling"
                                  onClick={[Function]}
                                >
                                  halfling
                                </button>
                              </a>
                            </Link>
                          </li>
                          <li
                            key="dwarf"
                          >
                            <Link
                              replace={false}
                              to="//dwarf"
                            >
                              <a
                                href="//dwarf"
                                onClick={[Function]}
                              >
                                <button
                                  name="dwarf"
                                  onClick={[Function]}
                                >
                                  dwarf
                                </button>
                              </a>
                            </Link>
                          </li>
                          <li
                            key="elf"
                          >
                            <Link
                              replace={false}
                              to="//elf"
                            >
                              <a
                                href="//elf"
                                onClick={[Function]}
                              >
                                <button
                                  name="elf"
                                  onClick={[Function]}
                                >
                                  elf
                                </button>
                              </a>
                            </Link>
                          </li>
                          <li
                            key="aasimar"
                          >
                            <Link
                              replace={false}
                              to="//aasimar"
                            >
                              <a
                                href="//aasimar"
                                onClick={[Function]}
                              >
                                <button
                                  name="aasimar"
                                  onClick={[Function]}
                                >
                                  aasimar
                                </button>
                              </a>
                            </Link>
                          </li>
                          <li
                            key="tiefling"
                          >
                            <Link
                              replace={false}
                              to="//tiefling"
                            >
                              <a
                                href="//tiefling"
                                onClick={[Function]}
                              >
                                <button
                                  name="tiefling"
                                  onClick={[Function]}
                                >
                                  tiefling
                                </button>
                              </a>
                            </Link>
                          </li>
                        </ul>
                      </div>
                      <div
                        key="1"
                      >
                        <h3>
                          Uncommon Races
                        </h3>
                        <div
                          className="horizontal-line no-bottom"
                        />
                        <ul>
                          <li
                            key="dragonborn"
                          >
                            <Link
                              replace={false}
                              to="//dragonborn"
                            >
                              <a
                                href="//dragonborn"
                                onClick={[Function]}
                              >
                                <button
                                  name="dragonborn"
                                  onClick={[Function]}
                                >
                                  dragonborn
                                </button>
                              </a>
                            </Link>
                          </li>
                          <li
                            key="goliath"
                          >
                            <Link
                              replace={false}
                              to="//goliath"
                            >
                              <a
                                href="//goliath"
                                onClick={[Function]}
                              >
                                <button
                                  name="goliath"
                                  onClick={[Function]}
                                >
                                  goliath
                                </button>
                              </a>
                            </Link>
                          </li>
                          <li
                            key="gnome"
                          >
                            <Link
                              replace={false}
                              to="//gnome"
                            >
                              <a
                                href="//gnome"
                                onClick={[Function]}
                              >
                                <button
                                  name="gnome"
                                  onClick={[Function]}
                                >
                                  gnome
                                </button>
                              </a>
                            </Link>
                          </li>
                          <li
                            key="kenku"
                          >
                            <Link
                              replace={false}
                              to="//kenku"
                            >
                              <a
                                href="//kenku"
                                onClick={[Function]}
                              >
                                <button
                                  name="kenku"
                                  onClick={[Function]}
                                >
                                  kenku
                                </button>
                              </a>
                            </Link>
                          </li>
                          <li
                            key="lizardfolk"
                          >
                            <Link
                              replace={false}
                              to="//lizardfolk"
                            >
                              <a
                                href="//lizardfolk"
                                onClick={[Function]}
                              >
                                <button
                                  name="lizardfolk"
                                  onClick={[Function]}
                                >
                                  lizardfolk
                                </button>
                              </a>
                            </Link>
                          </li>
                          <li
                            key="tabaxi"
                          >
                            <Link
                              replace={false}
                              to="//tabaxi"
                            >
                              <a
                                href="//tabaxi"
                                onClick={[Function]}
                              >
                                <button
                                  name="tabaxi"
                                  onClick={[Function]}
                                >
                                  tabaxi
                                </button>
                              </a>
                            </Link>
                          </li>
                        </ul>
                      </div>
                      <div
                        key="2"
                      >
                        <h3>
                          Monstrous Races
                        </h3>
                        <div
                          className="horizontal-line no-bottom"
                        />
                        <ul>
                          <li
                            key="goblin"
                          >
                            <Link
                              replace={false}
                              to="//goblin"
                            >
                              <a
                                href="//goblin"
                                onClick={[Function]}
                              >
                                <button
                                  name="goblin"
                                  onClick={[Function]}
                                >
                                  goblin
                                </button>
                              </a>
                            </Link>
                          </li>
                          <li
                            key="orc"
                          >
                            <Link
                              replace={false}
                              to="//orc"
                            >
                              <a
                                href="//orc"
                                onClick={[Function]}
                              >
                                <button
                                  name="orc"
                                  onClick={[Function]}
                                >
                                  orc
                                </button>
                              </a>
                            </Link>
                          </li>
                          <li
                            key="bugbear"
                          >
                            <Link
                              replace={false}
                              to="//bugbear"
                            >
                              <a
                                href="//bugbear"
                                onClick={[Function]}
                              >
                                <button
                                  name="bugbear"
                                  onClick={[Function]}
                                >
                                  bugbear
                                </button>
                              </a>
                            </Link>
                          </li>
                          <li
                            key="hobgoblin"
                          >
                            <Link
                              replace={false}
                              to="//hobgoblin"
                            >
                              <a
                                href="//hobgoblin"
                                onClick={[Function]}
                              >
                                <button
                                  name="hobgoblin"
                                  onClick={[Function]}
                                >
                                  hobgoblin
                                </button>
                              </a>
                            </Link>
                          </li>
                          <li
                            key="kobold"
                          >
                            <Link
                              replace={false}
                              to="//kobold"
                            >
                              <a
                                href="//kobold"
                                onClick={[Function]}
                              >
                                <button
                                  name="kobold"
                                  onClick={[Function]}
                                >
                                  kobold
                                </button>
                              </a>
                            </Link>
                          </li>
                          <li
                            key="yuanti"
                          >
                            <Link
                              replace={false}
                              to="//yuanti"
                            >
                              <a
                                href="//yuanti"
                                onClick={[Function]}
                              >
                                <button
                                  name="yuanti"
                                  onClick={[Function]}
                                >
                                  yuanti
                                </button>
                              </a>
                            </Link>
                          </li>
                        </ul>
                      </div>
                    </ul>
                  </Route>
                </Switch>
              </section>
            </MenuRace>
          </Connect(MenuRace)>
        </Route>
      </withRouter(Connect(MenuRace))>
    </Router>
  </MemoryRouter>
</Provider>
`;
